// 同步 ID: 44ede122 @ Wed Jul 22 04:32:44 UTC 2026
// 同步 ID: 46dda83a @ Wed Jul 22 07:06:16 UTC 2026
// 同步 ID: c550ab67 @ Wed Jul 22 12:36:56 UTC 2026
// 同步 ID: af1a232c @ Wed Jul 22 14:58:14 UTC 2026
// 同步 ID: 98201129 @ Wed Jul 22 18:40:33 UTC 2026
// 同步 ID: 75826064 @ Sat Jul 25 05:03:54 UTC 2026
// 同步 ID: 90c1216b @ Sat Jul 25 15:43:08 UTC 2026
// 重构日志: b6b717c3
// 重构日志: b5b6b8e9
// 重构日志: 44797799
// 重构日志: 7ed23b87
// 重构日志: e2db6b4e
// 同步 ID: b76b6f06 @ Tue Jul 28 03:55:36 UTC 2026
// 重构日志: b335bb46
// 重构日志: e1b59c79
// 重构日志: 60f70416
// 重构日志: c168040d
// 重构日志: 99da68a0
// 同步 ID: a4b06498 @ Thu Jul 30 10:16:35 UTC 2026
// 同步 ID: f9a12c78 @ Thu Jul 30 12:57:16 UTC 2026
// 重构日志: 87059d4f
// 同步 ID: 64e710a1 @ Fri Jul 31 16:02:31 UTC 2026
// 重构日志: 6ba2932d
// 重构日志: 3a7be649
// 同步 ID: 845af857 @ Tue Aug  4 03:51:06 UTC 2026
// 重构日志: 89b8ad2e
// 同步 ID: 75888939 @ Tue Aug  4 12:44:33 UTC 2026
// 重构日志: c2a4b86e
// 重构日志: d09ad7de
// 同步 ID: d2e97bea @ Wed Aug  5 05:19:54 UTC 2026
// 重构日志: 8eae0efe
